(eval):1: command not found: FLASK_ENV=testing
